
Discarded input sections

 .text          0x00000000        0x0 /Volumes/FastDisk/Queru/Ports/agonv-demos/sdk/mos_vector.esp32p4.o
 .data          0x00000000        0x0 /Volumes/FastDisk/Queru/Ports/agonv-demos/sdk/mos_vector.esp32p4.o
 .bss           0x00000000        0x0 /Volumes/FastDisk/Queru/Ports/agonv-demos/sdk/mos_vector.esp32p4.o
 .data          0x00000000        0x0 /var/folders/_0/4q_mzkqn30gd9gq8j_3j9mz00000gp/T//ccUtUdjh.o
 .comment       0x00000000       0x30 /var/folders/_0/4q_mzkqn30gd9gq8j_3j9mz00000gp/T//ccUtUdjh.o
 .note.GNU-stack
                0x00000000        0x0 /var/folders/_0/4q_mzkqn30gd9gq8j_3j9mz00000gp/T//ccUtUdjh.o

Memory Configuration

Name             Origin             Length             Attributes
IBUS             0x48000000         0x00200000         xr
DBUS             0x48000000         0x00200000         rw
*default*        0x00000000         0xffffffff

Linker script and memory map

                0x48000000                        MOS_EXEC_BASE = 0x48000000
                0x48000000                        MOS_DBUS_BASE = 0x48000000
LOAD /Volumes/FastDisk/Queru/Ports/agonv-demos/sdk/mos_vector.esp32p4.o
LOAD /var/folders/_0/4q_mzkqn30gd9gq8j_3j9mz00000gp/T//ccUtUdjh.o
LOAD /Users/rampa/.espressif/tools/riscv32-esp-elf/esp-14.2.0_20251107/riscv32-esp-elf/bin/../lib/gcc/riscv32-esp-elf/14.2.0/../../../../riscv32-esp-elf/lib/rv32imafc_zicsr_zifencei/ilp32f//libc.a
LOAD /Users/rampa/.espressif/tools/riscv32-esp-elf/esp-14.2.0_20251107/riscv32-esp-elf/bin/../lib/gcc/riscv32-esp-elf/14.2.0/rv32imafc_zicsr_zifencei/ilp32f//libgcc.a
                0x48000000                        MOS_EXEC_BASE = DEFINED (MOS_EXEC_BASE)?MOS_EXEC_BASE:0x420e0000
                0x48000000                        MOS_DBUS_BASE = DEFINED (MOS_DBUS_BASE)?MOS_DBUS_BASE:0x3c0e0000
                0x00000000                        BUS_OFFSET = (MOS_EXEC_BASE - MOS_DBUS_BASE)
                0x48000000                        . = MOS_EXEC_BASE

.text.vector    0x48000000       0x12
 *(.text.vector)
 .text.vector   0x48000000       0x12 /Volumes/FastDisk/Queru/Ports/agonv-demos/sdk/mos_vector.esp32p4.o
                0x48000000                _mos_vector

.literal
 *(.literal .literal.* .text.entry.literal .text.*.literal)

.text           0x48000012      0x496
 *(.text.entry)
 .text.entry    0x48000012      0x272 /var/folders/_0/4q_mzkqn30gd9gq8j_3j9mz00000gp/T//ccUtUdjh.o
                0x48000012                _start
 *(.text*)
 .text          0x48000284      0x224 /var/folders/_0/4q_mzkqn30gd9gq8j_3j9mz00000gp/T//ccUtUdjh.o
                0x480004a8                        _ibus_end = .
                0x480004a8                        _dbus_data_start = (_ibus_end - BUS_OFFSET)

.rodata         0x480004a8       0x94
                0x480004a8                        _dbus_start = .
 *(.rodata*)
 *fill*         0x480004a8        0x0 
 .rodata.str1.4
                0x480004a8       0x94 /var/folders/_0/4q_mzkqn30gd9gq8j_3j9mz00000gp/T//ccUtUdjh.o
 *(.rodata)
 *(.srodata*)
                0x4800053c                        . = ALIGN (0x4)
                0x4800053c                        _rodata_lma_end = (_ibus_end + SIZEOF (.rodata))

.data           0x4800053c        0x4
 *(.data*)
 *(.sdata*)
 .sdata         0x4800053c        0x4 /var/folders/_0/4q_mzkqn30gd9gq8j_3j9mz00000gp/T//ccUtUdjh.o
                0x48000540                        . = ALIGN (0x4)
                0x48000540                        _data_end = ALIGN (., 0x4)

.bss            0x48000540      0x104
                0x48000540                        __bss_start = .
 *(.bss*)
 .bss           0x48000540      0x100 /var/folders/_0/4q_mzkqn30gd9gq8j_3j9mz00000gp/T//ccUtUdjh.o
 *(.sbss*)
 .sbss          0x48000640        0x4 /var/folders/_0/4q_mzkqn30gd9gq8j_3j9mz00000gp/T//ccUtUdjh.o
 *(COMMON)
                0x48000644                        . = ALIGN (0x4)
                0x48000644                        __bss_end = .

/DISCARD/
 *(.comment)
 *(.note*)
 *(.ARM*)
OUTPUT(/Volumes/FastDisk/Queru/Ports/agonv-demos/sprites/bin/sprites.elf elf32-littleriscv)

.riscv.attributes
                0x00000000       0x55
 .riscv.attributes
                0x00000000       0x53 /Volumes/FastDisk/Queru/Ports/agonv-demos/sdk/mos_vector.esp32p4.o
 .riscv.attributes
                0x00000053       0x55 /var/folders/_0/4q_mzkqn30gd9gq8j_3j9mz00000gp/T//ccUtUdjh.o
