Archive member included to satisfy reference by file (symbol)

/Users/rampa/.espressif/tools/riscv32-esp-elf/esp-14.2.0_20251107/riscv32-esp-elf/bin/../lib/gcc/riscv32-esp-elf/14.2.0/../../../../riscv32-esp-elf/lib/rv32imafc_zicsr_zifencei/ilp32f//libc.a(libc_a-memcpy.o)
                              /var/folders/_0/4q_mzkqn30gd9gq8j_3j9mz00000gp/T//ccbAroRW.o (memcpy)

Discarded input sections

 .text          0x00000000        0x0 /Volumes/FastDisk/Queru/Ports/agonv-demos/sdk/mos_vector.esp32p4.o
 .data          0x00000000        0x0 /Volumes/FastDisk/Queru/Ports/agonv-demos/sdk/mos_vector.esp32p4.o
 .bss           0x00000000        0x0 /Volumes/FastDisk/Queru/Ports/agonv-demos/sdk/mos_vector.esp32p4.o
 .data          0x00000000        0x0 /var/folders/_0/4q_mzkqn30gd9gq8j_3j9mz00000gp/T//ccbAroRW.o
 .bss           0x00000000        0x0 /var/folders/_0/4q_mzkqn30gd9gq8j_3j9mz00000gp/T//ccbAroRW.o
 .comment       0x00000000       0x30 /var/folders/_0/4q_mzkqn30gd9gq8j_3j9mz00000gp/T//ccbAroRW.o
 .note.GNU-stack
                0x00000000        0x0 /var/folders/_0/4q_mzkqn30gd9gq8j_3j9mz00000gp/T//ccbAroRW.o
 .text          0x00000000        0x0 /Users/rampa/.espressif/tools/riscv32-esp-elf/esp-14.2.0_20251107/riscv32-esp-elf/bin/../lib/gcc/riscv32-esp-elf/14.2.0/../../../../riscv32-esp-elf/lib/rv32imafc_zicsr_zifencei/ilp32f//libc.a(libc_a-memcpy.o)
 .data          0x00000000        0x0 /Users/rampa/.espressif/tools/riscv32-esp-elf/esp-14.2.0_20251107/riscv32-esp-elf/bin/../lib/gcc/riscv32-esp-elf/14.2.0/../../../../riscv32-esp-elf/lib/rv32imafc_zicsr_zifencei/ilp32f//libc.a(libc_a-memcpy.o)
 .bss           0x00000000        0x0 /Users/rampa/.espressif/tools/riscv32-esp-elf/esp-14.2.0_20251107/riscv32-esp-elf/bin/../lib/gcc/riscv32-esp-elf/14.2.0/../../../../riscv32-esp-elf/lib/rv32imafc_zicsr_zifencei/ilp32f//libc.a(libc_a-memcpy.o)
 .comment       0x00000000       0x30 /Users/rampa/.espressif/tools/riscv32-esp-elf/esp-14.2.0_20251107/riscv32-esp-elf/bin/../lib/gcc/riscv32-esp-elf/14.2.0/../../../../riscv32-esp-elf/lib/rv32imafc_zicsr_zifencei/ilp32f//libc.a(libc_a-memcpy.o)
 .note.GNU-stack
                0x00000000        0x0 /Users/rampa/.espressif/tools/riscv32-esp-elf/esp-14.2.0_20251107/riscv32-esp-elf/bin/../lib/gcc/riscv32-esp-elf/14.2.0/../../../../riscv32-esp-elf/lib/rv32imafc_zicsr_zifencei/ilp32f//libc.a(libc_a-memcpy.o)

Memory Configuration

Name             Origin             Length             Attributes
IBUS             0x48000000         0x00200000         xr
DBUS             0x48000000         0x00200000         rw
*default*        0x00000000         0xffffffff

Linker script and memory map

                0x48000000                        MOS_EXEC_BASE = 0x48000000
                0x48000000                        MOS_DBUS_BASE = 0x48000000
LOAD /Volumes/FastDisk/Queru/Ports/agonv-demos/sdk/mos_vector.esp32p4.o
LOAD /var/folders/_0/4q_mzkqn30gd9gq8j_3j9mz00000gp/T//ccbAroRW.o
LOAD /Users/rampa/.espressif/tools/riscv32-esp-elf/esp-14.2.0_20251107/riscv32-esp-elf/bin/../lib/gcc/riscv32-esp-elf/14.2.0/../../../../riscv32-esp-elf/lib/rv32imafc_zicsr_zifencei/ilp32f//libc.a
LOAD /Users/rampa/.espressif/tools/riscv32-esp-elf/esp-14.2.0_20251107/riscv32-esp-elf/bin/../lib/gcc/riscv32-esp-elf/14.2.0/rv32imafc_zicsr_zifencei/ilp32f//libgcc.a
                0x48000000                        MOS_EXEC_BASE = DEFINED (MOS_EXEC_BASE)?MOS_EXEC_BASE:0x420e0000
                0x48000000                        MOS_DBUS_BASE = DEFINED (MOS_DBUS_BASE)?MOS_DBUS_BASE:0x3c0e0000
                0x00000000                        BUS_OFFSET = (MOS_EXEC_BASE - MOS_DBUS_BASE)
                0x48000000                        . = MOS_EXEC_BASE

.text.vector    0x48000000       0x12
 *(.text.vector)
 .text.vector   0x48000000       0x12 /Volumes/FastDisk/Queru/Ports/agonv-demos/sdk/mos_vector.esp32p4.o
                0x48000000                _mos_vector

.literal
 *(.literal .literal.* .text.entry.literal .text.*.literal)

.text           0x48000012      0x280
 *(.text.entry)
 .text.entry    0x48000012      0x18c /var/folders/_0/4q_mzkqn30gd9gq8j_3j9mz00000gp/T//ccbAroRW.o
                0x48000012                _start
 *(.text*)
 .text          0x4800019e        0xc /var/folders/_0/4q_mzkqn30gd9gq8j_3j9mz00000gp/T//ccbAroRW.o
 .text.memcpy   0x480001aa       0xe8 /Users/rampa/.espressif/tools/riscv32-esp-elf/esp-14.2.0_20251107/riscv32-esp-elf/bin/../lib/gcc/riscv32-esp-elf/14.2.0/../../../../riscv32-esp-elf/lib/rv32imafc_zicsr_zifencei/ilp32f//libc.a(libc_a-memcpy.o)
                0x480001aa                memcpy
                0x48000292                        _ibus_end = .
                0x48000292                        _dbus_data_start = (_ibus_end - BUS_OFFSET)

.rodata         0x48000292       0x36
                0x48000292                        _dbus_start = .
 *(.rodata*)
 *fill*         0x48000292        0x2 
 .rodata        0x48000294       0x20 /var/folders/_0/4q_mzkqn30gd9gq8j_3j9mz00000gp/T//ccbAroRW.o
 *(.rodata)
 *(.srodata*)
 .srodata.cst4  0x480002b4       0x14 /var/folders/_0/4q_mzkqn30gd9gq8j_3j9mz00000gp/T//ccbAroRW.o
                0x480002c8                        . = ALIGN (0x4)
                0x480002c8                        _rodata_lma_end = (_ibus_end + SIZEOF (.rodata))

.data           0x480002c8        0x0
 *(.data*)
 *(.sdata*)
                0x480002c8                        . = ALIGN (0x4)
                0x480002c8                        _data_end = ALIGN (., 0x4)

.bss            0x480002c8        0x4
                0x480002c8                        __bss_start = .
 *(.bss*)
 *(.sbss*)
 .sbss          0x480002c8        0x4 /var/folders/_0/4q_mzkqn30gd9gq8j_3j9mz00000gp/T//ccbAroRW.o
 *(COMMON)
                0x480002cc                        . = ALIGN (0x4)
                0x480002cc                        __bss_end = .

/DISCARD/
 *(.comment)
 *(.note*)
 *(.ARM*)
OUTPUT(/Volumes/FastDisk/Queru/Ports/agonv-demos/mandelbrot/bin/mandelbrot.elf elf32-littleriscv)

.riscv.attributes
                0x00000000       0x61
 .riscv.attributes
                0x00000000       0x53 /Volumes/FastDisk/Queru/Ports/agonv-demos/sdk/mos_vector.esp32p4.o
 .riscv.attributes
                0x00000053       0x55 /var/folders/_0/4q_mzkqn30gd9gq8j_3j9mz00000gp/T//ccbAroRW.o
 .riscv.attributes
                0x000000a8       0x61 /Users/rampa/.espressif/tools/riscv32-esp-elf/esp-14.2.0_20251107/riscv32-esp-elf/bin/../lib/gcc/riscv32-esp-elf/14.2.0/../../../../riscv32-esp-elf/lib/rv32imafc_zicsr_zifencei/ilp32f//libc.a(libc_a-memcpy.o)

.debug_info     0x00000000      0x256
 .debug_info    0x00000000      0x256 /Users/rampa/.espressif/tools/riscv32-esp-elf/esp-14.2.0_20251107/riscv32-esp-elf/bin/../lib/gcc/riscv32-esp-elf/14.2.0/../../../../riscv32-esp-elf/lib/rv32imafc_zicsr_zifencei/ilp32f//libc.a(libc_a-memcpy.o)

.debug_abbrev   0x00000000      0x107
 .debug_abbrev  0x00000000      0x107 /Users/rampa/.espressif/tools/riscv32-esp-elf/esp-14.2.0_20251107/riscv32-esp-elf/bin/../lib/gcc/riscv32-esp-elf/14.2.0/../../../../riscv32-esp-elf/lib/rv32imafc_zicsr_zifencei/ilp32f//libc.a(libc_a-memcpy.o)

.debug_loclists
                0x00000000      0x1fb
 .debug_loclists
                0x00000000      0x1fb /Users/rampa/.espressif/tools/riscv32-esp-elf/esp-14.2.0_20251107/riscv32-esp-elf/bin/../lib/gcc/riscv32-esp-elf/14.2.0/../../../../riscv32-esp-elf/lib/rv32imafc_zicsr_zifencei/ilp32f//libc.a(libc_a-memcpy.o)

.debug_aranges  0x00000000       0x20
 .debug_aranges
                0x00000000       0x20 /Users/rampa/.espressif/tools/riscv32-esp-elf/esp-14.2.0_20251107/riscv32-esp-elf/bin/../lib/gcc/riscv32-esp-elf/14.2.0/../../../../riscv32-esp-elf/lib/rv32imafc_zicsr_zifencei/ilp32f//libc.a(libc_a-memcpy.o)

.debug_rnglists
                0x00000000       0x14
 .debug_rnglists
                0x00000000       0x14 /Users/rampa/.espressif/tools/riscv32-esp-elf/esp-14.2.0_20251107/riscv32-esp-elf/bin/../lib/gcc/riscv32-esp-elf/14.2.0/../../../../riscv32-esp-elf/lib/rv32imafc_zicsr_zifencei/ilp32f//libc.a(libc_a-memcpy.o)

.debug_line     0x00000000      0x31c
 .debug_line    0x00000000      0x31c /Users/rampa/.espressif/tools/riscv32-esp-elf/esp-14.2.0_20251107/riscv32-esp-elf/bin/../lib/gcc/riscv32-esp-elf/14.2.0/../../../../riscv32-esp-elf/lib/rv32imafc_zicsr_zifencei/ilp32f//libc.a(libc_a-memcpy.o)

.debug_str      0x00000000      0x10d
 .debug_str     0x00000000      0x10d /Users/rampa/.espressif/tools/riscv32-esp-elf/esp-14.2.0_20251107/riscv32-esp-elf/bin/../lib/gcc/riscv32-esp-elf/14.2.0/../../../../riscv32-esp-elf/lib/rv32imafc_zicsr_zifencei/ilp32f//libc.a(libc_a-memcpy.o)
                                0x150 (size before relaxing)

.debug_line_str
                0x00000000      0x2aa
 .debug_line_str
                0x00000000      0x2aa /Users/rampa/.espressif/tools/riscv32-esp-elf/esp-14.2.0_20251107/riscv32-esp-elf/bin/../lib/gcc/riscv32-esp-elf/14.2.0/../../../../riscv32-esp-elf/lib/rv32imafc_zicsr_zifencei/ilp32f//libc.a(libc_a-memcpy.o)
                                0x334 (size before relaxing)

.debug_frame    0x00000000       0x20
 .debug_frame   0x00000000       0x20 /Users/rampa/.espressif/tools/riscv32-esp-elf/esp-14.2.0_20251107/riscv32-esp-elf/bin/../lib/gcc/riscv32-esp-elf/14.2.0/../../../../riscv32-esp-elf/lib/rv32imafc_zicsr_zifencei/ilp32f//libc.a(libc_a-memcpy.o)
